------------------------------------------------------------
Timing Analyzer Summary
------------------------------------------------------------

Type  : Slow 1100mV 85C Model Setup 'clk'
Slack : -0.105
TNS   : -0.105

Type  : Slow 1100mV 85C Model Hold 'clk'
Slack : 0.275
TNS   : 0.000

Type  : Slow 1100mV 85C Model Minimum Pulse Width 'clk'
Slack : -0.538
TNS   : -2.312

Type  : Slow 1100mV 0C Model Setup 'clk'
Slack : -0.159
TNS   : -0.159

Type  : Slow 1100mV 0C Model Hold 'clk'
Slack : 0.257
TNS   : 0.000

Type  : Slow 1100mV 0C Model Minimum Pulse Width 'clk'
Slack : -0.538
TNS   : -2.385

Type  : Fast 1100mV 85C Model Setup 'clk'
Slack : 0.483
TNS   : 0.000

Type  : Fast 1100mV 85C Model Hold 'clk'
Slack : 0.140
TNS   : 0.000

Type  : Fast 1100mV 85C Model Minimum Pulse Width 'clk'
Slack : -0.086
TNS   : -0.254

Type  : Fast 1100mV 0C Model Setup 'clk'
Slack : 0.505
TNS   : 0.000

Type  : Fast 1100mV 0C Model Hold 'clk'
Slack : 0.127
TNS   : 0.000

Type  : Fast 1100mV 0C Model Minimum Pulse Width 'clk'
Slack : -0.090
TNS   : -0.266

------------------------------------------------------------
